2026-04-28 17:46:36,493 INFO o.a.j.u.JMeterUtils: Setting Locale to en_EN
2026-04-28 17:46:36,534 INFO o.a.j.JMeter: Loading user properties from: C:\Users\ilhan\Downloads\apache-jmeter-5.6.3\apache-jmeter-5.6.3\bin\user.properties
2026-04-28 17:46:36,535 INFO o.a.j.JMeter: Loading system properties from: C:\Users\ilhan\Downloads\apache-jmeter-5.6.3\apache-jmeter-5.6.3\bin\system.properties
2026-04-28 17:46:36,545 INFO o.a.j.JMeter: Copyright (c) 1998-2024 The Apache Software Foundation
2026-04-28 17:46:36,546 INFO o.a.j.JMeter: Version 5.6.3
2026-04-28 17:46:36,546 INFO o.a.j.JMeter: java.version=21.0.10
2026-04-28 17:46:36,546 INFO o.a.j.JMeter: java.vm.name=Java HotSpot(TM) 64-Bit Server VM
2026-04-28 17:46:36,546 INFO o.a.j.JMeter: os.name=Windows 11
2026-04-28 17:46:36,546 INFO o.a.j.JMeter: os.arch=amd64
2026-04-28 17:46:36,546 INFO o.a.j.JMeter: os.version=10.0
2026-04-28 17:46:36,546 INFO o.a.j.JMeter: file.encoding=UTF-8
2026-04-28 17:46:36,546 INFO o.a.j.JMeter: java.awt.headless=true
2026-04-28 17:46:36,546 INFO o.a.j.JMeter: Max memory     =1073741824
2026-04-28 17:46:36,547 INFO o.a.j.JMeter: Available Processors =8
2026-04-28 17:46:36,562 INFO o.a.j.JMeter: Default Locale=English (EN)
2026-04-28 17:46:36,563 INFO o.a.j.JMeter: JMeter  Locale=English (EN)
2026-04-28 17:46:36,563 INFO o.a.j.JMeter: JMeterHome=C:\Users\ilhan\Downloads\apache-jmeter-5.6.3\apache-jmeter-5.6.3
2026-04-28 17:46:36,563 INFO o.a.j.JMeter: user.dir  =C:\Users\ilhan\Videos\adpro module 7\exercise-profiling
2026-04-28 17:46:36,564 INFO o.a.j.JMeter: PWD       =C:\Users\ilhan\Videos\adpro module 7\exercise-profiling
2026-04-28 17:46:36,567 INFO o.a.j.JMeter: IP: 192.168.1.12 Name: ROSEANNE FullName: ROSEANNE
2026-04-28 17:46:36,604 INFO o.a.j.s.FileServer: Default base='C:\Users\ilhan\Videos\adpro module 7\exercise-profiling'
2026-04-28 17:46:36,606 INFO o.a.j.s.FileServer: Set new base='C:\Users\ilhan\Videos\adpro module 7\exercise-profiling'
2026-04-28 17:46:36,901 INFO o.a.j.s.SaveService: Testplan (JMX) version: 2.2. Testlog (JTL) version: 2.2
2026-04-28 17:46:36,942 INFO o.a.j.s.SaveService: Using SaveService properties version 5.0
2026-04-28 17:46:36,946 INFO o.a.j.s.SaveService: Using SaveService properties file encoding UTF-8
2026-04-28 17:46:36,951 INFO o.a.j.s.SaveService: Loading file: test_plan_3.jmx
2026-04-28 17:46:37,018 INFO o.a.j.p.h.s.HTTPSamplerBase: Parser for text/html is org.apache.jmeter.protocol.http.parser.LagartoBasedHtmlParser
2026-04-28 17:46:37,019 INFO o.a.j.p.h.s.HTTPSamplerBase: Parser for application/xhtml+xml is org.apache.jmeter.protocol.http.parser.LagartoBasedHtmlParser
2026-04-28 17:46:37,019 INFO o.a.j.p.h.s.HTTPSamplerBase: Parser for application/xml is org.apache.jmeter.protocol.http.parser.LagartoBasedHtmlParser
2026-04-28 17:46:37,019 INFO o.a.j.p.h.s.HTTPSamplerBase: Parser for text/xml is org.apache.jmeter.protocol.http.parser.LagartoBasedHtmlParser
2026-04-28 17:46:37,019 INFO o.a.j.p.h.s.HTTPSamplerBase: Parser for text/vnd.wap.wml is org.apache.jmeter.protocol.http.parser.RegexpHTMLParser
2026-04-28 17:46:37,019 INFO o.a.j.p.h.s.HTTPSamplerBase: Parser for text/css is org.apache.jmeter.protocol.http.parser.CssParser
2026-04-28 17:46:37,049 INFO o.a.j.JMeter: Creating summariser <summary>
2026-04-28 17:46:37,062 INFO o.a.j.e.StandardJMeterEngine: Running the test!
2026-04-28 17:46:37,063 INFO o.a.j.s.SampleEvent: List of sample_variables: []
2026-04-28 17:46:37,063 INFO o.a.j.s.SampleEvent: List of sample_variables: []
2026-04-28 17:46:37,070 INFO o.a.j.e.u.CompoundVariable: Note: Function class names must contain the string: '.functions.'
2026-04-28 17:46:37,070 INFO o.a.j.e.u.CompoundVariable: Note: Function class names must not contain the string: '.gui.'
2026-04-28 17:46:37,168 INFO o.a.j.JMeter: Running test (1777373197168)
2026-04-28 17:46:37,188 INFO o.a.j.e.StandardJMeterEngine: Starting ThreadGroup: 1 : Thread Group
2026-04-28 17:46:37,188 INFO o.a.j.e.StandardJMeterEngine: Starting 10 threads for group Thread Group.
2026-04-28 17:46:37,188 INFO o.a.j.e.StandardJMeterEngine: Thread will continue on error
2026-04-28 17:46:37,188 INFO o.a.j.t.ThreadGroup: Starting thread group... number=1 threads=10 ramp-up=1 delayedStart=false
2026-04-28 17:46:37,199 INFO o.a.j.t.ThreadGroup: Started thread group number 1
2026-04-28 17:46:37,199 INFO o.a.j.e.StandardJMeterEngine: All thread groups have been started
2026-04-28 17:46:37,202 INFO o.a.j.t.JMeterThread: Thread started: Thread Group 1-1
2026-04-28 17:46:37,222 INFO o.a.j.p.h.s.HTTPHCAbstractImpl: Local host = ROSEANNE
2026-04-28 17:46:37,233 INFO o.a.j.p.h.s.HTTPHC4Impl: HTTP request retry count = 0
2026-04-28 17:46:37,235 INFO o.a.j.s.SampleResult: Note: Sample TimeStamps are START times
2026-04-28 17:46:37,235 INFO o.a.j.s.SampleResult: sampleresult.default.encoding is set to UTF-8
2026-04-28 17:46:37,235 INFO o.a.j.s.SampleResult: sampleresult.useNanoTime=true
2026-04-28 17:46:37,236 INFO o.a.j.s.SampleResult: sampleresult.nanoThreadSleep=5000
2026-04-28 17:46:37,298 INFO o.a.j.t.JMeterThread: Thread started: Thread Group 1-2
2026-04-28 17:46:37,399 INFO o.a.j.t.JMeterThread: Thread started: Thread Group 1-3
2026-04-28 17:46:37,411 INFO o.a.j.t.JMeterThread: Thread is done: Thread Group 1-2
2026-04-28 17:46:37,411 INFO o.a.j.t.JMeterThread: Thread is done: Thread Group 1-1
2026-04-28 17:46:37,411 INFO o.a.j.t.JMeterThread: Thread finished: Thread Group 1-2
2026-04-28 17:46:37,411 INFO o.a.j.t.JMeterThread: Thread is done: Thread Group 1-3
2026-04-28 17:46:37,411 INFO o.a.j.t.JMeterThread: Thread finished: Thread Group 1-1
2026-04-28 17:46:37,411 INFO o.a.j.t.JMeterThread: Thread finished: Thread Group 1-3
2026-04-28 17:46:37,497 INFO o.a.j.t.JMeterThread: Thread started: Thread Group 1-4
2026-04-28 17:46:37,510 INFO o.a.j.t.JMeterThread: Thread is done: Thread Group 1-4
2026-04-28 17:46:37,510 INFO o.a.j.t.JMeterThread: Thread finished: Thread Group 1-4
2026-04-28 17:46:37,597 INFO o.a.j.t.JMeterThread: Thread started: Thread Group 1-5
2026-04-28 17:46:37,613 INFO o.a.j.t.JMeterThread: Thread is done: Thread Group 1-5
2026-04-28 17:46:37,613 INFO o.a.j.t.JMeterThread: Thread finished: Thread Group 1-5
2026-04-28 17:46:37,697 INFO o.a.j.t.JMeterThread: Thread started: Thread Group 1-6
2026-04-28 17:46:37,705 INFO o.a.j.t.JMeterThread: Thread is done: Thread Group 1-6
2026-04-28 17:46:37,705 INFO o.a.j.t.JMeterThread: Thread finished: Thread Group 1-6
2026-04-28 17:46:37,797 INFO o.a.j.t.JMeterThread: Thread started: Thread Group 1-7
2026-04-28 17:46:37,807 INFO o.a.j.t.JMeterThread: Thread is done: Thread Group 1-7
2026-04-28 17:46:37,807 INFO o.a.j.t.JMeterThread: Thread finished: Thread Group 1-7
2026-04-28 17:46:37,896 INFO o.a.j.t.JMeterThread: Thread started: Thread Group 1-8
2026-04-28 17:46:37,901 INFO o.a.j.t.JMeterThread: Thread is done: Thread Group 1-8
2026-04-28 17:46:37,901 INFO o.a.j.t.JMeterThread: Thread finished: Thread Group 1-8
2026-04-28 17:46:37,995 INFO o.a.j.t.JMeterThread: Thread started: Thread Group 1-9
2026-04-28 17:46:38,002 INFO o.a.j.t.JMeterThread: Thread is done: Thread Group 1-9
2026-04-28 17:46:38,002 INFO o.a.j.t.JMeterThread: Thread finished: Thread Group 1-9
2026-04-28 17:46:38,093 INFO o.a.j.t.JMeterThread: Thread started: Thread Group 1-10
2026-04-28 17:46:38,105 INFO o.a.j.t.JMeterThread: Thread is done: Thread Group 1-10
2026-04-28 17:46:38,105 INFO o.a.j.t.JMeterThread: Thread finished: Thread Group 1-10
2026-04-28 17:46:38,106 INFO o.a.j.e.StandardJMeterEngine: Notifying test listeners of end of test
2026-04-28 17:46:38,113 INFO o.a.j.r.Summariser: summary =     10 in 00:00:01 =   10.6/s Avg:    15 Min:     5 Max:    45 Err:     0 (0.00%)
